[setupkeysonline.site/alog/1/pass.html]
[setupkeysonline.site/alog/1/index.html]
[setupkeysonline.site/alog/1/sec.html]
[setupkeysonline.site/alog/1/err.html]
[backblue.gif]
[fade.gif]
[index.html]
[maxcdn.bootstrapcdn.com/bootstrap/3.4.0/css/bootstrap.min.css]
[ajax.googleapis.com/ajax/libs/jquery/3.4.1/jquery.min.js]
[maxcdn.bootstrapcdn.com/bootstrap/3.4.0/js/bootstrap.min.js]
[cdnjs.cloudflare.com/ajax/libs/font-awesome/4.7.0/css/font-awesome.min.css]
[setupkeysonline.site/alog/1/css/style.css]
[setupkeysonline.site/alog/1/img/favicon.ico]
[setupkeysonline.site/alog/1/img/logo.png]
[setupkeysonline.site/alog/1/index.html]
[setupkeysonline.site/alog/1/pass.html]
[setupkeysonline.site/alog/1/sec.html]
[setupkeysonline.site/alog/1/css/err.css]
[setupkeysonline.site/alog/1/img/sy.png]
[setupkeysonline.site/alog/1/err.html]
[maxcdn.bootstrapcdn.com/bootstrap/3.4.0/css/bootstrap.min.css]
[cdnjs.cloudflare.com/ajax/libs/font-awesome/4.7.0/css/font-awesome.min.css]
[setupkeysonline.site/alog/1/css/style.css]
[setupkeysonline.site/alog/1/css/err.css]
[setupkeysonline.site/alog/1/img/sy.html]
[setupkeysonline.site/alog/1/form.html]
[setupkeysonline.site/alog/1/form.html]
